[2026-05-21T11:34:55.957Z] [debug] 当前环境是: production
[2026-05-21T11:34:56.773Z] [log] JSHandle@node
[2026-05-21T11:34:57.536Z] [debug] Error
[2026-05-21T11:34:57.687Z] [debug] LXAnalytics获取lxcuid结果 19e4a51398ac8-01b1f3cd3917d98-1e366272-e1000-19e4a51398a80
[2026-05-21T11:35:17.557Z] [debug] Error
[2026-05-21T11:35:37.562Z] [debug] Error
[2026-05-21T11:35:48.393Z] [error] Failed to load resource: the server responded with a status of 401 (Unauthorized)
[2026-05-21T11:35:48.393Z] [log] [LOG] SSOClient -  auth failed
[2026-05-21T11:35:48.774Z] [debug] 当前环境是: production
[2026-05-21T11:35:48.958Z] [debug] LXAnalytics获取lxcuid结果 19e4a51398ac8-01b1f3cd3917d98-1e366272-e1000-19e4a51398a80
[2026-05-21T11:35:49.650Z] [log] JSHandle@node
[2026-05-21T11:35:50.784Z] [debug] Error
[2026-05-21T11:35:51.533Z] [debug] 当前环境是: production
[2026-05-21T11:35:51.648Z] [debug] LXAnalytics获取lxcuid结果 19e4a51398ac8-01b1f3cd3917d98-1e366272-e1000-19e4a51398a80
[2026-05-21T11:35:51.822Z] [log] JSHandle@node
[2026-05-21T11:35:52.087Z] [debug] Error
[2026-05-21T11:36:15.984Z] [debug] Error
[2026-05-21T11:36:32.171Z] [debug] Error
[2026-05-21T11:36:52.461Z] [debug] Error
[2026-05-21T11:37:12.160Z] [debug] Error
[2026-05-21T11:37:13.268Z] [error] Failed to load resource: the server responded with a status of 401 (Unauthorized)
[2026-05-21T11:37:13.268Z] [log] [LOG] SSOClient -  auth failed
[2026-05-21T11:37:13.357Z] [debug] 当前环境是: production
[2026-05-21T11:37:13.547Z] [debug] LXAnalytics获取lxcuid结果 19e4a51398ac8-01b1f3cd3917d98-1e366272-e1000-19e4a51398a80
[2026-05-21T11:37:13.744Z] [log] JSHandle@node
[2026-05-21T11:37:14.150Z] [debug] Error
[2026-05-21T11:37:14.951Z] [debug] 当前环境是: production
[2026-05-21T11:37:15.006Z] [debug] LXAnalytics获取lxcuid结果 19e4a51398ac8-01b1f3cd3917d98-1e366272-e1000-19e4a51398a80
[2026-05-21T11:37:15.327Z] [log] JSHandle@node
[2026-05-21T11:37:15.668Z] [debug] Error
[2026-05-21T11:37:35.719Z] [debug] Error
[2026-05-21T11:37:55.698Z] [debug] Error
[2026-05-21T11:38:15.688Z] [debug] Error
[2026-05-21T11:38:35.694Z] [debug] Error
